******************************************************************************
                  TI ARM Linker Unix v18.12.2                  
******************************************************************************
>> Linked Fri Oct 25 13:56:32 2019

OUTPUT FILE NAME:   <host_test_cc2640r2lp_app.out>
ENTRY POINT SYMBOL: "ResetISR"  address: 0000f879


MEMORY CONFIGURATION

         name            origin    length      used     unused   attr    fill
----------------------  --------  ---------  --------  --------  ----  --------
  FLASH                 00000000   0001f000  00016900  00008700  R  X
  FLASH_LAST_PAGE       0001f000   00001000  00000058  00000fa8  R  X
  SRAM                  20000000   00004400  000021e1  0000221f  RW X


SEGMENT ALLOCATION MAP

run origin  load origin   length   init length attrs members
----------  ----------- ---------- ----------- ----- -------
00000000    00000000    00014904   00014904    r-x
  00000000    00000000    0000003c   0000003c    r-- .resetVecs
  0000003c    0000003c    00000fc4   00000fc4    r-x .text.1
  00001000    00001000    00000028   00000028    r-- .const:ti_sysbios_heaps_HeapMem_Module__FXNS__C
  00001028    00001028    00000024   00000024    r-- .const:ti_sysbios_gates_GateHwi_Module__FXNS__C
  0000104c    0000104c    00000024   00000024    r-- .const:ti_sysbios_gates_GateMutex_Module__FXNS__C
  00001070    00001070    00000020   00000020    r-- .const:ti_sysbios_family_arm_m3_Hwi_Object__DESC__C
  00001090    00001090    00000020   00000020    r-- .const:ti_sysbios_gates_GateHwi_Object__DESC__C
  000010b0    000010b0    00000020   00000020    r-- .const:ti_sysbios_gates_GateMutex_Object__DESC__C
  000010d0    000010d0    00000020   00000020    r-- .const:ti_sysbios_hal_Hwi_Object__DESC__C
  000010f0    000010f0    00000020   00000020    r-- .const:ti_sysbios_heaps_HeapMem_Object__DESC__C
  00001110    00001110    00000020   00000020    r-- .const:ti_sysbios_knl_Clock_Object__DESC__C
  00001130    00001130    00000020   00000020    r-- .const:ti_sysbios_knl_Event_Object__DESC__C
  00001150    00001150    00000020   00000020    r-- .const:ti_sysbios_knl_Mailbox_Object__DESC__C
  00001170    00001170    00000020   00000020    r-- .const:ti_sysbios_knl_Queue_Object__DESC__C
  00001190    00001190    00000020   00000020    r-- .const:ti_sysbios_knl_Semaphore_Object__DESC__C
  000011b0    000011b0    00000020   00000020    r-- .const:ti_sysbios_knl_Swi_Object__DESC__C
  000011d0    000011d0    00000020   00000020    r-- .const:ti_sysbios_knl_Task_Object__DESC__C
  000011f0    000011f0    00000008   00000008    r-- .const:ti_sysbios_knl_Idle_funcList__C
  000011f8    000011f8    00000004   00000004    r-- .const:ti_sysbios_family_arm_cc26xx_Timer_startupNeeded__C
  000011fc    000011fc    00000004   00000004    r-- .const:ti_sysbios_family_arm_m3_Hwi_E_alreadyDefined__C
  00001200    00001200    00000004   00000004    r-- .const:ti_sysbios_family_arm_m3_Hwi_E_hwiLimitExceeded__C
  00001204    00001204    00000004   00000004    r-- .const:ti_sysbios_family_arm_m3_Hwi_NUM_INTERRUPTS__C
  00001208    00001208    00000004   00000004    r-- .const:ti_sysbios_family_arm_m3_Hwi_Object__count__C
  0000120c    0000120c    00000004   00000004    r-- .const:ti_sysbios_family_arm_m3_Hwi_Object__table__C
  00001210    00001210    00000004   00000004    r-- .const:ti_sysbios_family_arm_m3_Hwi_ccr__C
  00001214    00001214    00000004   00000004    r-- .const:ti_sysbios_family_arm_m3_Hwi_excHandlerFunc__C
  00001218    00001218    00000004   00000004    r-- .const:ti_sysbios_family_arm_m3_Hwi_nullIsrFunc__C
  0000121c    0000121c    00000004   00000004    r-- .const:ti_sysbios_family_arm_m3_Hwi_numSparseInterrupts__C
  00001220    00001220    00000004   00000004    r-- .const:ti_sysbios_family_arm_m3_Hwi_priGroup__C
  00001224    00001224    00000004   00000004    r-- .const:ti_sysbios_family_arm_m3_TaskSupport_stackAlignment__C
  00001228    00001228    00000004   00000004    r-- .const:ti_sysbios_heaps_HeapMem_E_memory__C
  0000122c    0000122c    00000004   00000004    r-- .const:ti_sysbios_heaps_HeapMem_Module__gateObj__C
  00001230    00001230    00000004   00000004    r-- .const:ti_sysbios_heaps_HeapMem_Object__count__C
  00001234    00001234    00000004   00000004    r-- .const:ti_sysbios_heaps_HeapMem_Object__table__C
  00001238    00001238    00000004   00000004    r-- .const:ti_sysbios_heaps_HeapMem_reqAlign__C
  0000123c    0000123c    00000004   00000004    r-- .const:ti_sysbios_knl_Clock_triggerClock__C
  00001240    00001240    00000004   00000004    r-- .const:ti_sysbios_knl_Mailbox_Object__count__C
  00001244    00001244    00000004   00000004    r-- .const:ti_sysbios_knl_Mailbox_Object__table__C
  00001248    00001248    00000004   00000004    r-- .const:ti_sysbios_knl_Mailbox_maxTypeAlign__C
  0000124c    0000124c    00000004   00000004    r-- .const:ti_sysbios_knl_Queue_Object__count__C
  00001250    00001250    00000004   00000004    r-- .const:ti_sysbios_knl_Queue_Object__table__C
  00001254    00001254    00000004   00000004    r-- .const:ti_sysbios_knl_Semaphore_eventPost__C
  00001258    00001258    00000004   00000004    r-- .const:ti_sysbios_knl_Semaphore_eventSync__C
  0000125c    0000125c    00000004   00000004    r-- .const:ti_sysbios_knl_Swi_Object__count__C
  00001260    00001260    00000004   00000004    r-- .const:ti_sysbios_knl_Swi_Object__table__C
  00001264    00001264    00000004   00000004    r-- .const:ti_sysbios_knl_Swi_numPriorities__C
  00001268    00001268    00000004   00000004    r-- .const:ti_sysbios_knl_Task_Object__count__C
  0000126c    0000126c    00000004   00000004    r-- .const:ti_sysbios_knl_Task_Object__table__C
  00001270    00001270    00000004   00000004    r-- .const:ti_sysbios_knl_Task_allBlockedFunc__C
  00001274    00001274    00000004   00000004    r-- .const:ti_sysbios_knl_Task_defaultStackHeap__C
  00001278    00001278    00000004   00000004    r-- .const:ti_sysbios_knl_Task_defaultStackSize__C
  0000127c    0000127c    00000004   00000004    r-- .const:ti_sysbios_knl_Task_numConstructedTasks__C
  00001280    00001280    00000002   00000002    r-- .const:ti_sysbios_family_arm_cc26xx_Timer_Module__id__C
  00001282    00001282    00000002   00000002    r-- .const:ti_sysbios_family_arm_cc26xx_TimestampProvider_useClockTimer__C
  00001284    00001284    00000002   00000002    r-- .const:ti_sysbios_family_arm_m3_Hwi_Module__id__C
  00001286    00001286    00000002   00000002    r-- .const:ti_sysbios_gates_GateHwi_Module__id__C
  00001288    00001288    00000002   00000002    r-- .const:ti_sysbios_gates_GateMutex_Module__id__C
  0000128a    0000128a    00000002   00000002    r-- .const:ti_sysbios_heaps_HeapMem_Module__id__C
  0000128c    0000128c    00000002   00000002    r-- .const:ti_sysbios_knl_Task_initStackFlag__C
  0000128e    0000128e    00000001   00000001    r-- .const:ti_sysbios_knl_Clock_tickMode__C
  00001290    00001290    00000008   00000008    r-- .const:xdc_runtime_Startup_firstFxns__C
  00001298    00001298    00000008   00000008    r-- .const:xdc_runtime_Startup_lastFxns__C
  000012a0    000012a0    00000004   00000004    r-- .const:xdc_runtime_Assert_E_assertFailed__C
  000012a4    000012a4    00000004   00000004    r-- .const:xdc_runtime_Error_E_memory__C
  000012a8    000012a8    00000004   00000004    r-- .const:xdc_runtime_Error_policyFxn__C
  000012ac    000012ac    00000004   00000004    r-- .const:xdc_runtime_Error_raiseHook__C
  000012b0    000012b0    00000004   00000004    r-- .const:xdc_runtime_IGateProvider_Interface__BASE__C
  000012b4    000012b4    00000004   00000004    r-- .const:xdc_runtime_IHeap_Interface__BASE__C
  000012b8    000012b8    00000004   00000004    r-- .const:xdc_runtime_IModule_Interface__BASE__C
  000012bc    000012bc    00000004   00000004    r-- .const:xdc_runtime_Memory_defaultHeapInstance__C
  000012c0    000012c0    00000004   00000004    r-- .const:xdc_runtime_Startup_execImpl__C
  000012c4    000012c4    00000004   00000004    r-- .const:xdc_runtime_Startup_maxPasses__C
  000012c8    000012c8    00000004   00000004    r-- .const:xdc_runtime_Startup_sfxnRts__C
  000012cc    000012cc    00000004   00000004    r-- .const:xdc_runtime_Startup_sfxnTab__C
  000012d0    000012d0    00000004   00000004    r-- .const:xdc_runtime_Startup_startModsFxn__C
  000012d4    000012d4    00000004   00000004    r-- .const:xdc_runtime_SysCallback_abortFxn__C
  000012d8    000012d8    00000004   00000004    r-- .const:xdc_runtime_SysCallback_exitFxn__C
  000012dc    000012dc    00000004   00000004    r-- .const:xdc_runtime_System_abortFxn__C
  000012e0    000012e0    00000004   00000004    r-- .const:xdc_runtime_System_exitFxn__C
  000012e4    000012e4    00000004   00000004    r-- .const:xdc_runtime_System_maxAtexitHandlers__C
  000012e8    000012e8    00000004   00000004    r-- .const:xdc_runtime_Text_charTab__C
  000012ec    000012ec    00000004   00000004    r-- .const:xdc_runtime_Text_nameEmpty__C
  000012f0    000012f0    00000004   00000004    r-- .const:xdc_runtime_Text_nameStatic__C
  000012f4    000012f4    00000004   00000004    r-- .const:xdc_runtime_Text_nameUnknown__C
  000012f8    000012f8    00000002   00000002    r-- .const:xdc_runtime_Error_maxDepth__C
  000012fa    000012fa    00000002   00000002    r-- .const:xdc_runtime_Memory_Module__id__C
  000012fc    000012fc    00000002   00000002    r-- .const:xdc_runtime_Text_charCnt__C
  000012fe    000012fe    00000002   00000002    r-- .const:xdc_runtime_Text_isLoaded__C
  00001300    00001300    00000001   00000001    r-- .const:xdc_runtime_Error_policy__C
  00001304    00001304    00000004   00000004    r-- .const:ti_sysbios_rom_ROM_ti_sysbios_family_arm_cc26xx_Timer_getCount64__E
  00001308    00001308    00000004   00000004    r-- .const:ti_sysbios_rom_ROM_ti_sysbios_family_arm_cc26xx_Timer_getCurrentTick__E
  0000130c    0000130c    00000004   00000004    r-- .const:ti_sysbios_rom_ROM_ti_sysbios_family_arm_cc26xx_Timer_getMaxTicks__E
  00001310    00001310    00000004   00000004    r-- .const:ti_sysbios_rom_ROM_ti_sysbios_family_arm_cc26xx_Timer_initDevice__I
  00001314    00001314    00000004   00000004    r-- .const:ti_sysbios_rom_ROM_ti_sysbios_family_arm_cc26xx_Timer_setNextTick__E
  00001318    00001318    00000004   00000004    r-- .const:ti_sysbios_rom_ROM_ti_sysbios_family_arm_cc26xx_Timer_setThreshold__I
  0000131c    0000131c    00000004   00000004    r-- .const:ti_sysbios_rom_ROM_ti_sysbios_family_arm_cc26xx_Timer_start__E
  00001320    00001320    00000004   00000004    r-- .const:ti_sysbios_rom_ROM_ti_sysbios_family_arm_cc26xx_TimestampProvider_get32__E
  00001324    00001324    00000004   00000004    r-- .const:ti_sysbios_rom_ROM_xdc_runtime_Startup_getState__I
  00001328    00001328    00000004   00000004    r-- .const:ti_sysbios_rom_ROM_xdc_runtime_System_SupportProxy_abort__E
  0000132c    0000132c    00000004   00000004    r-- .const:ti_sysbios_rom_ROM_xdc_runtime_System_SupportProxy_exit__E
  00001330    00001330    00011de0   00011de0    r-x .text.2
  00013110    00013110    000013ac   000013ac    r-- .const
  000144bc    000144bc    00000094   00000094    r-- .rodata
  00014550    00014550    000003b4   000003b4    r-- .cinit
0001d000    0001d000    00002000   00002000    r--
  0001d000    0001d000    00002000   00002000    r-- .snvSectors
0001ffa8    0001ffa8    00000058   00000058    r--
  0001ffa8    0001ffa8    00000058   00000058    r-- .ccfg
20000100    20000100    00001d1b   00000000    rw-
  20000100    20000100    00000044   00000000    rw- .data:ti_sysbios_knl_Task_Module__state__V
  20000144    20000144    00000034   00000000    rw- .data:ti_sysbios_family_arm_m3_Hwi_Module__state__V
  20000178    20000178    0000002c   00000000    rw- .data:ti_sysbios_knl_Clock_Module__state__V
  200001a4    200001a4    00000024   00000000    rw- .data:ti_sysbios_BIOS_Module__state__V
  200001c8    200001c8    0000001c   00000000    rw- .data:ti_sysbios_knl_Swi_Module__state__V
  200001e4    200001e4    00000008   00000000    rw- .data:ti_sysbios_family_arm_cc26xx_Timer_Module__state__V
  200001ec    200001ec    00000004   00000000    rw- .data:ti_sysbios_family_arm_cc26xx_TimestampProvider_Module__state__V
  200001f0    200001f0    00000008   00000000    rw- .data:xdc_runtime_Startup_Module__state__V
  200001f8    200001f8    00000008   00000000    rw- .data:xdc_runtime_System_Module__state__V
  20000200    20000200    00000004   00000000    rw- .data:xdc_runtime_Memory_Module__state__V
  20000204    20000204    00000002   00000000    rw- .data:xdc_runtime_Error_Module__state__V
  20000208    20000208    000012f3   00000000    rw- .data
  20001500    20001500    0000091b   00000000    rw- .bss
20004000    20004000    00000400   00000000    rw-
  20004000    20004000    00000400   00000000    rw- .stack


SECTION ALLOCATION MAP

 output                                  attributes/
section   page    origin      length       input sections
--------  ----  ----------  ----------   ----------------
.const:ti_sysbios_heaps_HeapMem_Module__FXNS__C 
*          0    00001000    00000028     
                  00001000    00000028     app_ble_pem3.oem3 (.const:ti_sysbios_heaps_HeapMem_Module__FXNS__C)

.const:ti_sysbios_gates_GateHwi_Module__FXNS__C 
*          0    00001028    00000024     
                  00001028    00000024     app_ble_pem3.oem3 (.const:ti_sysbios_gates_GateHwi_Module__FXNS__C)

.const:ti_sysbios_gates_GateMutex_Module__FXNS__C 
*          0    0000104c    00000024     
                  0000104c    00000024     app_ble_pem3.oem3 (.const:ti_sysbios_gates_GateMutex_Module__FXNS__C)

.const:ti_sysbios_family_arm_m3_Hwi_Object__DESC__C 
*          0    00001070    00000020     
                  00001070    00000020     app_ble_pem3.oem3 (.const:ti_sysbios_family_arm_m3_Hwi_Object__DESC__C)

.const:ti_sysbios_gates_GateHwi_Object__DESC__C 
*          0    00001090    00000020     
                  00001090    00000020     app_ble_pem3.oem3 (.const:ti_sysbios_gates_GateHwi_Object__DESC__C)

.const:ti_sysbios_gates_GateMutex_Object__DESC__C 
*          0    000010b0    00000020     
                  000010b0    00000020     app_ble_pem3.oem3 (.const:ti_sysbios_gates_GateMutex_Object__DESC__C)

.const:ti_sysbios_hal_Hwi_Object__DESC__C 
*          0    000010d0    00000020     
                  000010d0    00000020     app_ble_pem3.oem3 (.const:ti_sysbios_hal_Hwi_Object__DESC__C)

.const:ti_sysbios_heaps_HeapMem_Object__DESC__C 
*          0    000010f0    00000020     
                  000010f0    00000020     app_ble_pem3.oem3 (.const:ti_sysbios_heaps_HeapMem_Object__DESC__C)

.const:ti_sysbios_knl_Clock_Object__DESC__C 
*          0    00001110    00000020     
                  00001110    00000020     app_ble_pem3.oem3 (.const:ti_sysbios_knl_Clock_Object__DESC__C)

.const:ti_sysbios_knl_Event_Object__DESC__C 
*          0    00001130    00000020     
                  00001130    00000020     app_ble_pem3.oem3 (.const:ti_sysbios_knl_Event_Object__DESC__C)

.const:ti_sysbios_knl_Mailbox_Object__DESC__C 
*          0    00001150    00000020     
                  00001150    00000020     app_ble_pem3.oem3 (.const:ti_sysbios_knl_Mailbox_Object__DESC__C)

.const:ti_sysbios_knl_Queue_Object__DESC__C 
*          0    00001170    00000020     
                  00001170    00000020     app_ble_pem3.oem3 (.const:ti_sysbios_knl_Queue_Object__DESC__C)

.const:ti_sysbios_knl_Semaphore_Object__DESC__C 
*          0    00001190    00000020     
                  00001190    00000020     app_ble_pem3.oem3 (.const:ti_sysbios_knl_Semaphore_Object__DESC__C)

.const:ti_sysbios_knl_Swi_Object__DESC__C 
*          0    000011b0    00000020     
                  000011b0    00000020     app_ble_pem3.oem3 (.const:ti_sysbios_knl_Swi_Object__DESC__C)

.const:ti_sysbios_knl_Task_Object__DESC__C 
*          0    000011d0    00000020     
                  000011d0    00000020     app_ble_pem3.oem3 (.const:ti_sysbios_knl_Task_Object__DESC__C)

.const:ti_sysbios_knl_Idle_funcList__C 
*          0    000011f0    00000008     
                  000011f0    00000008     app_ble_pem3.oem3 (.const:ti_sysbios_knl_Idle_funcList__C)

.const:ti_sysbios_family_arm_cc26xx_Timer_startupNeeded__C 
*          0    000011f8    00000004     
                  000011f8    00000004     app_ble_pem3.oem3 (.const:ti_sysbios_family_arm_cc26xx_Timer_startupNeeded__C)

.const:ti_sysbios_family_arm_m3_Hwi_E_alreadyDefined__C 
*          0    000011fc    00000004     
                  000011fc    00000004     app_ble_pem3.oem3 (.const:ti_sysbios_family_arm_m3_Hwi_E_alreadyDefined__C)

.const:ti_sysbios_family_arm_m3_Hwi_E_hwiLimitExceeded__C 
*          0    00001200    00000004     
                  00001200    00000004     app_ble_pem3.oem3 (.const:ti_sysbios_family_arm_m3_Hwi_E_hwiLimitExceeded__C)

.const:ti_sysbios_family_arm_m3_Hwi_NUM_INTERRUPTS__C 
*          0    00001204    00000004     
                  00001204    00000004     app_ble_pem3.oem3 (.const:ti_sysbios_family_arm_m3_Hwi_NUM_INTERRUPTS__C)

.const:ti_sysbios_family_arm_m3_Hwi_Object__count__C 
*          0    00001208    00000004     
                  00001208    00000004     app_ble_pem3.oem3 (.const:ti_sysbios_family_arm_m3_Hwi_Object__count__C)

.const:ti_sysbios_family_arm_m3_Hwi_Object__table__C 
*          0    0000120c    00000004     
                  0000120c    00000004     app_ble_pem3.oem3 (.const:ti_sysbios_family_arm_m3_Hwi_Object__table__C)

.const:ti_sysbios_family_arm_m3_Hwi_ccr__C 
*          0    00001210    00000004     
                  00001210    00000004     app_ble_pem3.oem3 (.const:ti_sysbios_family_arm_m3_Hwi_ccr__C)

.const:ti_sysbios_family_arm_m3_Hwi_excHandlerFunc__C 
*          0    00001214    00000004     
                  00001214    00000004     app_ble_pem3.oem3 (.const:ti_sysbios_family_arm_m3_Hwi_excHandlerFunc__C)

.const:ti_sysbios_family_arm_m3_Hwi_nullIsrFunc__C 
*          0    00001218    00000004     
                  00001218    00000004     app_ble_pem3.oem3 (.const:ti_sysbios_family_arm_m3_Hwi_nullIsrFunc__C)

.const:ti_sysbios_family_arm_m3_Hwi_numSparseInterrupts__C 
*          0    0000121c    00000004     
                  0000121c    00000004     app_ble_pem3.oem3 (.const:ti_sysbios_family_arm_m3_Hwi_numSparseInterrupts__C)

.const:ti_sysbios_family_arm_m3_Hwi_priGroup__C 
*          0    00001220    00000004     
                  00001220    00000004     app_ble_pem3.oem3 (.const:ti_sysbios_family_arm_m3_Hwi_priGroup__C)

.const:ti_sysbios_family_arm_m3_TaskSupport_stackAlignment__C 
*          0    00001224    00000004     
                  00001224    00000004     app_ble_pem3.oem3 (.const:ti_sysbios_family_arm_m3_TaskSupport_stackAlignment__C)

.const:ti_sysbios_heaps_HeapMem_E_memory__C 
*          0    00001228    00000004     
                  00001228    00000004     app_ble_pem3.oem3 (.const:ti_sysbios_heaps_HeapMem_E_memory__C)

.const:ti_sysbios_heaps_HeapMem_Module__gateObj__C 
*          0    0000122c    00000004     
                  0000122c    00000004     app_ble_pem3.oem3 (.const:ti_sysbios_heaps_HeapMem_Module__gateObj__C)

.const:ti_sysbios_heaps_HeapMem_Object__count__C 
*          0    00001230    00000004     
                  00001230    00000004     app_ble_pem3.oem3 (.const:ti_sysbios_heaps_HeapMem_Object__count__C)

.const:ti_sysbios_heaps_HeapMem_Object__table__C 
*          0    00001234    00000004     
                  00001234    00000004     app_ble_pem3.oem3 (.const:ti_sysbios_heaps_HeapMem_Object__table__C)

.const:ti_sysbios_heaps_HeapMem_reqAlign__C 
*          0    00001238    00000004     
                  00001238    00000004     app_ble_pem3.oem3 (.const:ti_sysbios_heaps_HeapMem_reqAlign__C)

.const:ti_sysbios_knl_Clock_triggerClock__C 
*          0    0000123c    00000004     
                  0000123c    00000004     app_ble_pem3.oem3 (.const:ti_sysbios_knl_Clock_triggerClock__C)

.const:ti_sysbios_knl_Mailbox_Object__count__C 
*          0    00001240    00000004     
                  00001240    00000004     app_ble_pem3.oem3 (.const:ti_sysbios_knl_Mailbox_Object__count__C)

.const:ti_sysbios_knl_Mailbox_Object__table__C 
*          0    00001244    00000004     
                  00001244    00000004     app_ble_pem3.oem3 (.const:ti_sysbios_knl_Mailbox_Object__table__C)

.const:ti_sysbios_knl_Mailbox_maxTypeAlign__C 
*          0    00001248    00000004     
                  00001248    00000004     app_ble_pem3.oem3 (.const:ti_sysbios_knl_Mailbox_maxTypeAlign__C)

.const:ti_sysbios_knl_Queue_Object__count__C 
*          0    0000124c    00000004     
                  0000124c    00000004     app_ble_pem3.oem3 (.const:ti_sysbios_knl_Queue_Object__count__C)

.const:ti_sysbios_knl_Queue_Object__table__C 
*          0    00001250    00000004     
                  00001250    00000004     app_ble_pem3.oem3 (.const:ti_sysbios_knl_Queue_Object__table__C)

.const:ti_sysbios_knl_Semaphore_eventPost__C 
*          0    00001254    00000004     
                  00001254    00000004     app_ble_pem3.oem3 (.const:ti_sysbios_knl_Semaphore_eventPost__C)

.const:ti_sysbios_knl_Semaphore_eventSync__C 
*          0    00001258    00000004     
                  00001258    00000004     app_ble_pem3.oem3 (.const:ti_sysbios_knl_Semaphore_eventSync__C)

.const:ti_sysbios_knl_Swi_Object__count__C 
*          0    0000125c    00000004     
                  0000125c    00000004     app_ble_pem3.oem3 (.const:ti_sysbios_knl_Swi_Object__count__C)

.const:ti_sysbios_knl_Swi_Object__table__C 
*          0    00001260    00000004     
                  00001260    00000004     app_ble_pem3.oem3 (.const:ti_sysbios_knl_Swi_Object__table__C)

.const:ti_sysbios_knl_Swi_numPriorities__C 
*          0    00001264    00000004     
                  00001264    00000004     app_ble_pem3.oem3 (.const:ti_sysbios_knl_Swi_numPriorities__C)

.const:ti_sysbios_knl_Task_Object__count__C 
*          0    00001268    00000004     
                  00001268    00000004     app_ble_pem3.oem3 (.const:ti_sysbios_knl_Task_Object__count__C)

.const:ti_sysbios_knl_Task_Object__table__C 
*          0    0000126c    00000004     
                  0000126c    00000004     app_ble_pem3.oem3 (.const:ti_sysbios_knl_Task_Object__table__C)

.const:ti_sysbios_knl_Task_allBlockedFunc__C 
*          0    00001270    00000004     
                  00001270    00000004     app_ble_pem3.oem3 (.const:ti_sysbios_knl_Task_allBlockedFunc__C)

.const:ti_sysbios_knl_Task_defaultStackHeap__C 
*          0    00001274    00000004     
                  00001274    00000004     app_ble_pem3.oem3 (.const:ti_sysbios_knl_Task_defaultStackHeap__C)

.const:ti_sysbios_knl_Task_defaultStackSize__C 
*          0    00001278    00000004     
                  00001278    00000004     app_ble_pem3.oem3 (.const:ti_sysbios_knl_Task_defaultStackSize__C)

.const:ti_sysbios_knl_Task_numConstructedTasks__C 
*          0    0000127c    00000004     
                  0000127c    00000004     app_ble_pem3.oem3 (.const:ti_sysbios_knl_Task_numConstructedTasks__C)

.const:ti_sysbios_family_arm_cc26xx_Timer_Module__id__C 
*          0    00001280    00000002     
                  00001280    00000002     app_ble_pem3.oem3 (.const:ti_sysbios_family_arm_cc26xx_Timer_Module__id__C)

.const:ti_sysbios_family_arm_cc26xx_TimestampProvider_useClockTimer__C 
*          0    00001282    00000002     
                  00001282    00000002     app_ble_pem3.oem3 (.const:ti_sysbios_family_arm_cc26xx_TimestampProvider_useClockTimer__C)

.const:ti_sysbios_family_arm_m3_Hwi_Module__id__C 
*          0    00001284    00000002     
                  00001284    00000002     app_ble_pem3.oem3 (.const:ti_sysbios_family_arm_m3_Hwi_Module__id__C)

.const:ti_sysbios_gates_GateHwi_Module__id__C 
*          0    00001286    00000002     
                  00001286    00000002     app_ble_pem3.oem3 (.const:ti_sysbios_gates_GateHwi_Module__id__C)

.const:ti_sysbios_gates_GateMutex_Module__id__C 
*          0    00001288    00000002     
                  00001288    00000002     app_ble_pem3.oem3 (.const:ti_sysbios_gates_GateMutex_Module__id__C)

.const:ti_sysbios_heaps_HeapMem_Module__id__C 
*          0    0000128a    00000002     
                  0000128a    00000002     app_ble_pem3.oem3 (.const:ti_sysbios_heaps_HeapMem_Module__id__C)

.const:ti_sysbios_knl_Task_initStackFlag__C 
*          0    0000128c    00000002     
                  0000128c    00000002     app_ble_pem3.oem3 (.const:ti_sysbios_knl_Task_initStackFlag__C)

.const:ti_sysbios_knl_Clock_tickMode__C 
*          0    0000128e    00000001     
                  0000128e    00000001     app_ble_pem3.oem3 (.const:ti_sysbios_knl_Clock_tickMode__C)

.const:xdc_runtime_Startup_firstFxns__C 
*          0    00001290    00000008     
                  00001290    00000008     app_ble_pem3.oem3 (.const:xdc_runtime_Startup_firstFxns__C)

.const:xdc_runtime_Startup_lastFxns__C 
*          0    00001298    00000008     
                  00001298    00000008     app_ble_pem3.oem3 (.const:xdc_runtime_Startup_lastFxns__C)

.const:xdc_runtime_Assert_E_assertFailed__C 
*          0    000012a0    00000004     
                  000012a0    00000004     app_ble_pem3.oem3 (.const:xdc_runtime_Assert_E_assertFailed__C)

.const:xdc_runtime_Error_E_memory__C 
*          0    000012a4    00000004     
                  000012a4    00000004     app_ble_pem3.oem3 (.const:xdc_runtime_Error_E_memory__C)

.const:xdc_runtime_Error_policyFxn__C 
*          0    000012a8    00000004     
                  000012a8    00000004     app_ble_pem3.oem3 (.const:xdc_runtime_Error_policyFxn__C)

.const:xdc_runtime_Error_raiseHook__C 
*          0    000012ac    00000004     
                  000012ac    00000004     app_ble_pem3.oem3 (.const:xdc_runtime_Error_raiseHook__C)

.const:xdc_runtime_IGateProvider_Interface__BASE__C 
*          0    000012b0    00000004     
                  000012b0    00000004     app_ble_pem3.oem3 (.const:xdc_runtime_IGateProvider_Interface__BASE__C)

.const:xdc_runtime_IHeap_Interface__BASE__C 
*          0    000012b4    00000004     
                  000012b4    00000004     app_ble_pem3.oem3 (.const:xdc_runtime_IHeap_Interface__BASE__C)

.const:xdc_runtime_IModule_Interface__BASE__C 
*          0    000012b8    00000004     
                  000012b8    00000004     app_ble_pem3.oem3 (.const:xdc_runtime_IModule_Interface__BASE__C)

.const:xdc_runtime_Memory_defaultHeapInstance__C 
*          0    000012bc    00000004     
                  000012bc    00000004     app_ble_pem3.oem3 (.const:xdc_runtime_Memory_defaultHeapInstance__C)

.const:xdc_runtime_Startup_execImpl__C 
*          0    000012c0    00000004     
                  000012c0    00000004     app_ble_pem3.oem3 (.const:xdc_runtime_Startup_execImpl__C)

.const:xdc_runtime_Startup_maxPasses__C 
*          0    000012c4    00000004     
                  000012c4    00000004     app_ble_pem3.oem3 (.const:xdc_runtime_Startup_maxPasses__C)

.const:xdc_runtime_Startup_sfxnRts__C 
*          0    000012c8    00000004     
                  000012c8    00000004     app_ble_pem3.oem3 (.const:xdc_runtime_Startup_sfxnRts__C)

.const:xdc_runtime_Startup_sfxnTab__C 
*          0    000012cc    00000004     
                  000012cc    00000004     app_ble_pem3.oem3 (.const:xdc_runtime_Startup_sfxnTab__C)

.const:xdc_runtime_Startup_startModsFxn__C 
*          0    000012d0    00000004     
                  000012d0    00000004     app_ble_pem3.oem3 (.const:xdc_runtime_Startup_startModsFxn__C)

.const:xdc_runtime_SysCallback_abortFxn__C 
*          0    000012d4    00000004     
                  000012d4    00000004     app_ble_pem3.oem3 (.const:xdc_runtime_SysCallback_abortFxn__C)

.const:xdc_runtime_SysCallback_exitFxn__C 
*          0    000012d8    00000004     
                  000012d8    00000004     app_ble_pem3.oem3 (.const:xdc_runtime_SysCallback_exitFxn__C)

.const:xdc_runtime_System_abortFxn__C 
*          0    000012dc    00000004     
                  000012dc    00000004     app_ble_pem3.oem3 (.const:xdc_runtime_System_abortFxn__C)

.const:xdc_runtime_System_exitFxn__C 
*          0    000012e0    00000004     
                  000012e0    00000004     app_ble_pem3.oem3 (.const:xdc_runtime_System_exitFxn__C)

.const:xdc_runtime_System_maxAtexitHandlers__C 
*          0    000012e4    00000004     
                  000012e4    00000004     app_ble_pem3.oem3 (.const:xdc_runtime_System_maxAtexitHandlers__C)

.const:xdc_runtime_Text_charTab__C 
*          0    000012e8    00000004     
                  000012e8    00000004     app_ble_pem3.oem3 (.const:xdc_runtime_Text_charTab__C)

.const:xdc_runtime_Text_nameEmpty__C 
*          0    000012ec    00000004     
                  000012ec    00000004     app_ble_pem3.oem3 (.const:xdc_runtime_Text_nameEmpty__C)

.const:xdc_runtime_Text_nameStatic__C 
*          0    000012f0    00000004     
                  000012f0    00000004     app_ble_pem3.oem3 (.const:xdc_runtime_Text_nameStatic__C)

.const:xdc_runtime_Text_nameUnknown__C 
*          0    000012f4    00000004     
                  000012f4    00000004     app_ble_pem3.oem3 (.const:xdc_runtime_Text_nameUnknown__C)

.const:xdc_runtime_Error_maxDepth__C 
*          0    000012f8    00000002     
                  000012f8    00000002     app_ble_pem3.oem3 (.const:xdc_runtime_Error_maxDepth__C)

.const:xdc_runtime_Memory_Module__id__C 
*          0    000012fa    00000002     
                  000012fa    00000002     app_ble_pem3.oem3 (.const:xdc_runtime_Memory_Module__id__C)

.const:xdc_runtime_Text_charCnt__C 
*          0    000012fc    00000002     
                  000012fc    00000002     app_ble_pem3.oem3 (.const:xdc_runtime_Text_charCnt__C)

.const:xdc_runtime_Text_isLoaded__C 
*          0    000012fe    00000002     
                  000012fe    00000002     app_ble_pem3.oem3 (.const:xdc_runtime_Text_isLoaded__C)

.const:xdc_runtime_Error_policy__C 
*          0    00001300    00000001     
                  00001300    00000001     app_ble_pem3.oem3 (.const:xdc_runtime_Error_policy__C)

.const:ti_sysbios_rom_ROM_ti_sysbios_family_arm_cc26xx_Timer_getCount64__E 
*          0    00001304    00000004     
                  00001304    00000004     app_ble_pem3.oem3 (.const:ti_sysbios_rom_ROM_ti_sysbios_family_arm_cc26xx_Timer_getCount64__E)

.const:ti_sysbios_rom_ROM_ti_sysbios_family_arm_cc26xx_Timer_getCurrentTick__E 
*          0    00001308    00000004     
                  00001308    00000004     app_ble_pem3.oem3 (.const:ti_sysbios_rom_ROM_ti_sysbios_family_arm_cc26xx_Timer_getCurrentTick__E)

.const:ti_sysbios_rom_ROM_ti_sysbios_family_arm_cc26xx_Timer_getMaxTicks__E 
*          0    0000130c    00000004     
                  0000130c    00000004     app_ble_pem3.oem3 (.const:ti_sysbios_rom_ROM_ti_sysbios_family_arm_cc26xx_Timer_getMaxTicks__E)

.const:ti_sysbios_rom_ROM_ti_sysbios_family_arm_cc26xx_Timer_initDevice__I 
*          0    00001310    00000004     
                  00001310    00000004     app_ble_pem3.oem3 (.const:ti_sysbios_rom_ROM_ti_sysbios_family_arm_cc26xx_Timer_initDevice__I)

.const:ti_sysbios_rom_ROM_ti_sysbios_family_arm_cc26xx_Timer_setNextTick__E 
*          0    00001314    00000004     
                  00001314    00000004     app_ble_pem3.oem3 (.const:ti_sysbios_rom_ROM_ti_sysbios_family_arm_cc26xx_Timer_setNextTick__E)

.const:ti_sysbios_rom_ROM_ti_sysbios_family_arm_cc26xx_Timer_setThreshold__I 
*          0    00001318    00000004     
                  00001318    00000004     app_ble_pem3.oem3 (.const:ti_sysbios_rom_ROM_ti_sysbios_family_arm_cc26xx_Timer_setThreshold__I)

.const:ti_sysbios_rom_ROM_ti_sysbios_family_arm_cc26xx_Timer_start__E 
*          0    0000131c    00000004     
                  0000131c    00000004     app_ble_pem3.oem3 (.const:ti_sysbios_rom_ROM_ti_sysbios_family_arm_cc26xx_Timer_start__E)

.const:ti_sysbios_rom_ROM_ti_sysbios_family_arm_cc26xx_TimestampProvider_get32__E 
*          0    00001320    00000004     
                  00001320    00000004     app_ble_pem3.oem3 (.const:ti_sysbios_rom_ROM_ti_sysbios_family_arm_cc26xx_TimestampProvider_get32__E)

.const:ti_sysbios_rom_ROM_xdc_runtime_Startup_getState__I 
*          0    00001324    00000004     
                  00001324    00000004     app_ble_pem3.oem3 (.const:ti_sysbios_rom_ROM_xdc_runtime_Startup_getState__I)

.const:ti_sysbios_rom_ROM_xdc_runtime_System_SupportProxy_abort__E 
*          0    00001328    00000004     
                  00001328    00000004     app_ble_pem3.oem3 (.const:ti_sysbios_rom_ROM_xdc_runtime_System_SupportProxy_abort__E)

.const:ti_sysbios_rom_ROM_xdc_runtime_System_SupportProxy_exit__E 
*          0    0000132c    00000004     
                  0000132c    00000004     app_ble_pem3.oem3 (.const:ti_sysbios_rom_ROM_xdc_runtime_System_SupportProxy_exit__E)

.data:ti_sysbios_knl_Task_Module__state__V 
*          0    20000100    00000044     UNINITIALIZED
                  20000100    00000044     app_ble_pem3.oem3 (.data:ti_sysbios_knl_Task_Module__state__V)

.data:ti_sysbios_family_arm_m3_Hwi_Module__state__V 
*          0    20000144    00000034     UNINITIALIZED
                  20000144    00000034     app_ble_pem3.oem3 (.data:ti_sysbios_family_arm_m3_Hwi_Module__state__V)

.data:ti_sysbios_knl_Clock_Module__state__V 
*          0    20000178    0000002c     UNINITIALIZED
                  20000178    0000002c     app_ble_pem3.oem3 (.data:ti_sysbios_knl_Clock_Module__state__V)

.data:ti_sysbios_BIOS_Module__state__V 
*          0    200001a4    00000024     UNINITIALIZED
                  200001a4    00000024     app_ble_pem3.oem3 (.data:ti_sysbios_BIOS_Module__state__V)

.data:ti_sysbios_knl_Swi_Module__state__V 
*          0    200001c8    0000001c     UNINITIALIZED
                  200001c8    0000001c     app_ble_pem3.oem3 (.data:ti_sysbios_knl_Swi_Module__state__V)

.data:ti_sysbios_family_arm_cc26xx_Timer_Module__state__V 
*          0    200001e4    00000008     UNINITIALIZED
                  200001e4    00000008     app_ble_pem3.oem3 (.data:ti_sysbios_family_arm_cc26xx_Timer_Module__state__V)

.data:ti_sysbios_family_arm_cc26xx_TimestampProvider_Module__state__V 
*          0    200001ec    00000004     UNINITIALIZED
                  200001ec    00000004     app_ble_pem3.oem3 (.data:ti_sysbios_family_arm_cc26xx_TimestampProvider_Module__state__V)

.data:xdc_runtime_Startup_Module__state__V 
*          0    200001f0    00000008     UNINITIALIZED
                  200001f0    00000008     app_ble_pem3.oem3 (.data:xdc_runtime_Startup_Module__state__V)

.data:xdc_runtime_System_Module__state__V 
*          0    200001f8    00000008     UNINITIALIZED
                  200001f8    00000008     app_ble_pem3.oem3 (.data:xdc_runtime_System_Module__state__V)

.data:xdc_runtime_Memory_Module__state__V 
*          0    20000200    00000004     UNINITIALIZED
                  20000200    00000004     app_ble_pem3.oem3 (.data:xdc_runtime_Memory_Module__state__V)

.data:xdc_runtime_Error_Module__state__V 
*          0    20000204    00000002     UNINITIALIZED
                  20000204    00000002     app_ble_pem3.oem3 (.data:xdc_runtime_Error_Module__state__V)

.bootVecs 
*          0    00000000    00000008     DSECT
                  00000000    00000008     boot.aem3 : boot.oem3 (.bootVecs)

.resetVecs 
*          0    00000000    0000003c     
                  00000000    0000003c     app_ble_pem3.oem3 (.resetVecs)

.vecs      0    20000000    000000c8     NOLOAD SECTION
                  20000000    000000c8     app_ble_pem3.oem3 (.vecs)

xdc.meta   0    00000000    0000010d     COPY SECTION
                  00000000    0000010d     app_ble_pem3.oem3 (xdc.meta)

xdc.noload 
*          0    00000000    00000000     COPY SECTION

.cinit     0    00014550    000003b4     
                  00014550    00000270     (.cinit..data.load) [load image, compression = lzss]
                  000147c0    00000028     (.cinit..data:ti_sysbios_family_arm_m3_Hwi_Module__state__V.load) [load image, compression = lzss]
                  000147e8    00000021     (.cinit..data:ti_sysbios_knl_Task_Module__state__V.load) [load image, compression = lzss]
                  00014809    0000001f     (.cinit..data:ti_sysbios_BIOS_Module__state__V.load) [load image, compression = lzss]
                  00014828    0000001e     (.cinit..data:ti_sysbios_knl_Clock_Module__state__V.load) [load image, compression = lzss]
                  00014846    00000010     (.cinit..data:ti_sysbios_knl_Swi_Module__state__V.load) [load image, compression = lzss]
                  00014856    00000002     --HOLE-- [fill = 0]
                  00014858    0000000c     (__TI_handler_table)
                  00014864    0000000b     (.cinit..data:ti_sysbios_family_arm_cc26xx_Timer_Module__state__V.load) [load image, compression = lzss]
                  0001486f    00000001     --HOLE-- [fill = 0]
                  00014870    00000008     (.cinit..bss.load) [load image, compression = zero_init]
                  00014878    00000008     (.cinit..data:xdc_runtime_Memory_Module__state__V.load) [load image, compression = lzss]
                  00014880    00000007     (.cinit..data:ti_sysbios_family_arm_cc26xx_TimestampProvider_Module__state__V.load) [load image, compression = lzss]
                  00014887    00000007     (.cinit..data:xdc_runtime_Startup_Module__state__V.load) [load image, compression = lzss]
                  0001488e    00000007     (.cinit..data:xdc_runtime_System_Module__state__V.load) [load image, compression = lzss]
                  00014895    00000006     (.cinit..data:xdc_runtime_Error_Module__state__V.load) [load image, compression = lzss]
                  0001489b    00000001     --HOLE-- [fill = 0]
                  0001489c    00000068     (__TI_cinit_table)

.init_array 
*          0    00000000    00000000     UNINITIALIZED

.snvSectors 
*          0    0001d000    00002000     
                  0001d000    00002000     host_test_cc2640r2lp_stack_library.lib : osal_snv_wrapper.obj (.snvSectors:retain)

.ccfg      0    0001ffa8    00000058     
                  0001ffa8    00000058     ccfg_app_ble.obj (.ccfg:retain)

.data      0    20000208    000012f3     UNINITIALIZED
                  20000208    00000360     npi_task.obj (.data:$O16$$)
                  20000568    00000308     host_test_app.obj (.data:$O1$$)
                  20000870    00000234     npi_tl.obj (.data:$O13$$)
                  20000aa4    00000114     drivers_cc26x0r2.aem3 : PINCC26XX.oem3 (.data:$O1$$)
                  20000bb8    00000114     npi_rxbuf.obj (.data:$O15$$)
                  20000ccc    00000114     drivers_cc26x0r2.aem3 : PowerCC26XX.oem3 (.data:PowerCC26XX_module)
                  20000de0    0000009c     icall_hci_tl.obj (.data:$O10$$)
                  20000e7c    0000009c     icall.obj (.data:$O6$$)
                  20000f18    00000090     cc26xx_profiles_pcxx.a : gapgattserver.o (.data)
                  20000fa8    0000007c     host_test_cc2640r2lp_stack_library.lib : osal_cbtimer.obj (.data:$O24$$)
                  20001024    00000058     drivers_cc26x0r2.aem3 : CryptoResourceCC26XX.oem3 (.data:$O1$$)
                  2000107c    00000054     cc26xx_gap_pcxx.a : gap_configmgr.o (.data)
                  200010d0    0000004c     app_ble_pem3.oem3 (.data:ti_sysbios_knl_Task_Object__table__V)
                  2000111c    00000004     host_test_cc2640r2lp_stack_library.lib : osal_pwrmgr.obj (.data:$O25$$)
                  20001120    00000048     app_ble_pem3.oem3 (.data:ti_sysbios_family_arm_cc26xx_Timer_Object__table__V)
                  20001168    00000038     cc2640_ctrlll_pcxx.a : ll_config.o (.data)
                  200011a0    00000038     app_ble_pem3.oem3 (.data:ti_sysbios_gates_GateMutex_Object__table__V)
                  200011d8    00000034     npi_tl_uart.obj (.data:$O12$$)
                  2000120c    00000030     ble_user_config.obj (.data:rfRegTbl)
                  2000123c    00000030     app_ble_pem3.oem3 (.data:ti_sysbios_knl_Swi_Module_State_0_readyQ__A)
                  2000126c    00000030     app_ble_pem3.oem3 (.data:ti_sysbios_knl_Swi_Object__table__V)
                  2000129c    00000030     app_ble_pem3.oem3 (.data:ti_sysbios_knl_Task_Module_State_0_readyQ__A)
                  200012cc    0000002c     host_test_cc2640r2lp_stack_library.lib : osal.obj (.data:$O23$$)
                  200012f8    00000028     ECCROMCC26XX.obj (.data:$O3$$)
                  20001320    00000024     cc26xx_profiles_pcxx.a : gapgattserver.o (.data)
                  20001344    00000020     app_ble_pem3.oem3 (.data:ti_sysbios_knl_Clock_Object__table__V)
                  20001364    00000020     app_ble_pem3.oem3 (.data:xdc_runtime_Error_IgnoreBlock)
                  20001384    00000018     npi_frame_hci.obj (.data:$O14$$)
                  2000139c    00000018     app_ble_pem3.oem3 (.data:ti_sysbios_family_arm_m3_Hwi_Object__table__V)
                  200013b4    00000010     icall_user_config.obj (.data:bleAppServiceInfoTable)
                  200013c4    00000010     cc26xx_gap_pcxx.a : gap_centdevmgr.o (.data)
                  200013d4    00000010     cc26xx_profiles_pcxx.a : gattservapp.o (.data)
                  200013e4    00000010     cc26xx_sm_pcxx.a : sm_intpairing.o (.data)
                  200013f4    00000010     ble_user_config.obj (.data:rfModeOverride)
                  20001404    00000010     main.obj (.data:user0Cfg)
                  20001414    0000000c     cc2640_ctrlll_pcxx.a : ll_data.o (.data)
                  20001420    0000000c     app_ble_pem3.oem3 (.data:ti_sysbios_heaps_HeapCallback_Object__table__V)
                  2000142c    00000008     host_test_cc2640r2lp_stack_library.lib : hal_assert.obj (.data:$O22$$)
                  20001434    00000008                                            : osal_clock.obj (.data:$O30$$)
                  2000143c    00000008     rtsv7M3_T_le_eabi.lib : _lock.c.obj (.data:$O31$$)
                  20001444    00000008     icall_cc2650.obj (.data:$O8$$)
                  2000144c    00000008     icall_api_lite.obj (.data:$O9$$)
                  20001454    00000008     cc26xx_gap_pcxx.a : gap_centlinkmgr.o (.data)
                  2000145c    00000008     icall_api_lite.obj (.data)
                  20001464    00000008     app_ble_pem3.oem3 (.data:ti_sysbios_family_arm_m3_Hwi_Module__root__V)
                  2000146c    00000008     app_ble_pem3.oem3 (.data:ti_sysbios_gates_GateHwi_Module__root__V)
                  20001474    00000008     app_ble_pem3.oem3 (.data:ti_sysbios_gates_GateMutex_Module__root__V)
                  2000147c    00000008     app_ble_pem3.oem3 (.data:ti_sysbios_hal_Hwi_Module__root__V)
                  20001484    00000008     app_ble_pem3.oem3 (.data:ti_sysbios_heaps_HeapCallback_Module__root__V)
                  2000148c    00000008     app_ble_pem3.oem3 (.data:ti_sysbios_heaps_HeapMem_Module__root__V)
                  20001494    00000008     app_ble_pem3.oem3 (.data:ti_sysbios_knl_Clock_Module__root__V)
                  2000149c    00000008     app_ble_pem3.oem3 (.data:ti_sysbios_knl_Event_Module__root__V)
                  200014a4    00000008     app_ble_pem3.oem3 (.data:ti_sysbios_knl_Mailbox_Module__root__V)
                  200014ac    00000008     app_ble_pem3.oem3 (.data:ti_sysbios_knl_Queue_Module__root__V)
                  200014b4    00000008     app_ble_pem3.oem3 (.data:ti_sysbios_knl_Semaphore_Module__root__V)
                  200014bc    00000008     app_ble_pem3.oem3 (.data:ti_sysbios_knl_Swi_Module__root__V)
                  200014c4    00000008     app_ble_pem3.oem3 (.data:ti_sysbios_knl_Task_Module__root__V)
                  200014cc    00000007     icall_hci_tl.obj (.data:hci_tl_le_create_conn_params$10)
                  200014d3    00000001     TRNGCC26XX.obj (.data)
                  200014d4    00000004     ble_user_config.obj (.data)
                  200014d8    00000004     host_test_cc2640r2lp_stack_library.lib : ble_user_config.obj (.data)
                  200014dc    00000004                                            : osal_bufmgr.obj (.data)
                  200014e0    00000004     rtsv7M3_T_le_eabi.lib : stkdepth_vars.c.obj (.data)
                  200014e4    00000004     app_ble_pem3.oem3 (.data:ti_sysbios_family_arm_m3_Hwi_Module_State_0_excContext__A)
                  200014e8    00000004     app_ble_pem3.oem3 (.data:ti_sysbios_family_arm_m3_Hwi_Module_State_0_excStack__A)
                  200014ec    00000004     app_ble_pem3.oem3 (.data:ti_sysbios_knl_Task_Module_State_0_idleTask__A)
                  200014f0    00000002     app_ble_pem3.oem3 (.data:ti_sysbios_family_arm_m3_Hwi_Module_State_0_excActive__A)
                  200014f2    00000001     cc2640_ctrlll_pcxx.a : ll_data.o (.data)
                  200014f3    00000001     cc26xx_gatt_pcxx.a : gatt_client.o (.data)
                  200014f4    00000001     cc26xx_profiles_pcxx.a : gapgattserver.o (.data)
                  200014f5    00000001                            : gapgattserver.o (.data)
                  200014f6    00000001                            : gapgattserver.o (.data)
                  200014f7    00000001                            : gapgattserver.o (.data)
                  200014f8    00000001     drivers_cc26x0r2.aem3 : CryptoCC26XX.oem3 (.data)
                  200014f9    00000001                           : UART.oem3 (.data)
                  200014fa    00000001     npi_tl.obj (.data)

.bss       0    20001500    0000091b     UNINITIALIZED
                  20001500    000003a0     RFCC26XX_singleMode.obj (.bss:$O5$$)
                  200018a0    00000200     app_ble_pem3.oem3 (.bss:taskStackSection)
                  20001aa0    0000012c     (.common:uartCC26XXObjects)
                  20001bcc    000000c8     (.common:ti_sysbios_family_arm_m3_Hwi_dispatchTable)
                  20001c94    00000004     cc2640_ctrlll_pcxx.a : ll.o (.bss)
                  20001c98    00000078                          : ll.o (.bss)
                  20001d10    0000002c     (.common:cryptoCC26XXObjects)
                  20001d3c    00000028                          : ll_scan_end_causes.o (.bss)
                  20001d64    00000020     (.common:uartCC26XXRingBuffer)
                  20001d84    00000014     RFCC26XX_singleMode.obj (.bss:RF_ratSyncCmd$3)
                  20001d98    00000014     driverlib.lib : osc.obj (.bss:oscHfGlobals$69)
                  20001dac    0000000c     host_test_cc2640r2lp_stack_library.lib : osal_timers.obj (.bss:$O27$$)
                  20001db8    0000000c     cc2640_ctrlll_pcxx.a : ll_scheduler.o (.bss)
                  20001dc4    00000008     dpl_cc26x0r2.aem3 : PowerCC26XX_tirtos.oem3 (.bss:$O1$$)
                  20001dcc    00000008     host_test_cc2640r2lp_stack_library.lib : osal_snv_wrapper.obj (.bss:$O26$$)
                  20001dd4    00000008     cc2640_ctrlll_pcxx.a : ll_common.o (.bss)
                  20001ddc    00000008                          : ll_common.o (.bss)
                  20001de4    00000008     driverlib.lib : sys_ctrl.obj (.bss:powerQualGlobals$71)
                  20001dec    00000004     cc2640_ctrlll_pcxx.a : ll.o (.bss)
                  20001df0    00000004                          : ll.o (.bss)
                  20001df4    00000004     cc26xx_att_pcxx.a : att_client.o (.bss)
                  20001df8    00000004     cc26xx_gap_pcxx.a : gap_linkmgr.o (.bss)
                  20001dfc    00000004     cc26xx_gatt_pcxx.a : gatt_client.o (.bss)
                  20001e00    00000004     cc26xx_profiles_pcxx.a : gapgattserver.o (.bss)
                  20001e04    00000004     (.common:ClockP_tickPeriod)
                  20001e08    00000004     (.common:tasksEvents)
                  20001e0c    00000004     (.common:trngCC26XXObjects)
                  20001e10    00000002     cc2640_ctrlll_pcxx.a : ll_slave_end_causes.o (.bss)
                  20001e12    00000001     RFCC26XX_singleMode.obj (.bss)
                  20001e13    00000001     cc26xx_hci_tl_full.a : hci_tl.o (.bss)
                  20001e14    00000001                          : hci_tl.o (.bss)
                  20001e15    00000001                          : hci_tl.o (.bss)
                  20001e16    00000001                          : hci_tl.o (.bss)
                  20001e17    00000001                          : hci_tl.o (.bss)
                  20001e18    00000001     drivers_cc26x0r2.aem3 : CryptoCC26XX.oem3 (.bss)
                  20001e19    00000001     (.common:driverlib_release_0_56023)
                  20001e1a    00000001     (.common:icall_liteTaskId)

.vtable    0    20001e1b    00000000     UNINITIALIZED

.vtable_ram 
*          0    20001e1b    00000000     UNINITIALIZED

vtable_ram 
*          0    20001e1b    00000000     UNINITIALIZED

.sysmem    0    20001e1b    00000000     UNINITIALIZED

.nonretenvar 
*          0    20001e1b    00000000     UNINITIALIZED

.stack     0    20004000    00000400     UNINITIALIZED
                  20004000    00000400     --HOLE--

.text.1    0    0000003c    00000fc4     
                  0000003c    000008d2     icall_hci_tl.obj (.text:processEvents$10)
                  0000090e    00000002     ble_user_config.obj (.text:DefaultAssertCback)
                  00000910    00000008     ble_r2.symbols (.tramp.ATT_BuildExchangeMTUReq.1)
                  00000918    00000008     ble_r2.symbols (.tramp.ATT_BuildHandleValueInd.1)
                  00000920    00000008     ble_r2.symbols (.tramp.ATT_BuildExecuteWriteReq.1)
                  00000928    00000008     ble_r2.symbols (.tramp.ATT_BuildPrepareWriteRsp.1)
                  00000930    00000008     ble_r2.symbols (.tramp.ATT_BuildPrepareWriteReq.1)
                  00000938    00000008     ble_r2.symbols (.tramp.ATT_BuildWriteReq.1)
                  00000940    00000008     ble_r2.symbols (.tramp.ATT_BuildReadByGrpTypeRsp.1)
                  00000948    00000008     ble_r2.symbols (.tramp.ATT_BuildReadByTypeReq.1)
                  00000950    00000008     ble_r2.symbols (.tramp.ATT_BuildReadMultiRsp.1)
                  00000958    00000008     ble_r2.symbols (.tramp.ATT_BuildReadMultiReq.1)
                  00000960    00000008     ble_r2.symbols (.tramp.ATT_BuildReadBlobRsp.1)
                  00000968    00000008     ble_r2.symbols (.tramp.ATT_BuildReadBlobReq.1)
                  00000970    00000008     ble_r2.symbols (.tramp.ATT_BuildReadRsp.1)
                  00000978    00000008     ble_r2.symbols (.tramp.ATT_BuildReadReq.1)
                  00000980    00000008     ble_r2.symbols (.tramp.ATT_BuildReadByTypeRsp.1)
                  00000988    00000008     ble_r2.symbols (.tramp.ATT_BuildFindByTypeValueRsp.1)
                  00000990    00000008     ble_r2.symbols (.tramp.ATT_BuildFindByTypeValueReq.1)
                  00000998    00000008     ble_r2.symbols (.tramp.ATT_BuildFindInfoRsp.1)
                  000009a0    00000008     ble_r2.symbols (.tramp.ATT_BuildFindInfoReq.1)
                  000009a8    00000008     ble_r2.symbols (.tramp.ATT_BuildExchangeMTURsp.1)
                  000009b0    00000008     ble_r2.symbols (.tramp.ATT_BuildErrorRsp.1)
                  000009b8    00000008     ble_r2.symbols (.tramp.L2CAP_BuildParamUpdateRsp.1)
                  000009c0    00000008     ble_r2.symbols (.tramp.L2CAP_BuildInfoRsp.1)
                  000009c8    00000008     ble_r2.symbols (.tramp.L2CAP_BuildCmdReject.1)
                  000009d0    00000584     cc2640_ctrlll_pcxx.a : ble.o (.text)
                  00000f54    00000008     ble_r2.symbols (.tramp.llMemCopySrc.1)
                  00000f5c    00000008     ble_r2.symbols (.tramp.LL_ENC_ReverseBytes.1)
                  00000f64    00000008     ble_r2.symbols (.tramp.LL_ENC_AES128_Encrypt.1)
                  00000f6c    00000008     ble_r2.symbols (.tramp.LL_EncKeyRefreshCback.1)
                  00000f74    00000008     ble_r2.symbols (.tramp.LL_EncChangeCback.1)
                  00000f7c    00000008     ble_r2.symbols (.tramp.llMoveTempTxDataEntries.1)
                  00000f84    00000008     ble_r2.symbols (.tramp.llSetupPingRsp.1)
                  00000f8c    00000008     ble_r2.symbols (.tramp.llEnqueueCtrlPkt.1)
                  00000f94    00000008     ble_r2.symbols (.tramp.LL_RemoteConnParamReqCback.1)
                  00000f9c    00000008     ble_r2.symbols (.tramp.llDequeueCtrlPkt.1)
                  00000fa4    00000008     ble_r2.symbols (.tramp.llSendReject.1)
                  00000fac    00000008     ble_r2.symbols (.tramp.llReplaceCtrlPkt.1)
                  00000fb4    00000008     ble_r2.symbols (.tramp.llTime2Octets.1)
                  00000fbc    00000008     ble_r2.symbols (.tramp.llReplaceRxBuffers.1)
                  00000fc4    00000008     ble_r2.symbols (.tramp.LL_DataLengthChangeEventCback.1)
                  00000fcc    00000008     ble_r2.symbols (.tramp.llSetupUnknownRsp.1)
                  00000fd4    0000002c     icall.obj (.text:ICall_getLocalMsgEntityId)

.text.2    0    00001330    00011de0     
                  00001330    000007b8     icall_hci_tl.obj (.text:processExtMsgATT$10)
                  00001ae8    0000070c     cc2640_ctrlll_pcxx.a : ll.o (.text)
                  000021f4    0000063c     icall_hci_tl.obj (.text:processExtMsgGATT$10)
                  00002830    00000638     icall_hci_tl.obj (.text:processExtMsgGAP$10)
                  00002e68    000004d8     host_test_app.obj (.text:HostTestApp_taskFxn$0)
                  00003340    000004cc     host_test_cc2640r2lp_stack_library.lib : icall_startup.obj (.text:startup_entry)
                  0000380c    000004c8     cc2640_ctrlll_pcxx.a : ll_master_end_causes.o (.text)
                  00003cd4    00000498                          : ll_scheduler.o (.text)
                  0000416c    00000488                          : ll_isr.o (.text)
                  000045f4    00000464     npi_task.obj (.text:NPITask_Fxn)
                  00004a58    00000440     cc2640_ctrlll_pcxx.a : ll.o (.text)
                  00004e98    000003b4                          : ll_isr.o (.text)
                  0000524c    0000038c                          : ll_slave_end_causes.o (.text)
                  000055d8    00000340                          : ll_init_end_causes.o (.text)
                  00005918    00000314     drivers_cc26x0r2.aem3 : PowerCC26XX_calibrateRCOSC.oem3 (.text:PowerCC26XX_auxISR)
                  00005c2c    000002d4     RFCC26XX_singleMode.obj (.text:RF_fsmActiveState$3)
                  00005f00    0000027c     drivers_cc26x0r2.aem3 : CryptoCC26XX.oem3 (.text:cryptoTransactionExecute)
                  0000617c    00000244     cc2640_ctrlll_pcxx.a : ll_common.o (.text)
                  000063c0    00000244     cc26xx_profiles_pcxx.a : gapgattserver.o (.text)
                  00006604    00000240     cc2640_ctrlll_pcxx.a : ble.o (.text)
                  00006844    0000022c     host_test_app.obj (.text:HostTestApp_handleNPIRxInterceptEvent)
                  00006a70    0000022c     drivers_cc26x0r2.aem3 : PowerCC26XX.oem3 (.text:Power_sleep)
                  00006c9c    00000220     driverlib.lib : sys_ctrl.obj (.text:NOROM_SysCtrlSetRechargeBeforePowerDown)
                  00006ebc    0000020c     RFCC26XX_singleMode.obj (.text:RF_open)
                  000070c8    00000200     cc26xx_profiles_pcxx.a : gattservapp.o (.text)
                  000072c8    000001fc     cc2640_ctrlll_pcxx.a : ll_master_end_causes.o (.text)
                  000074c4    000001e8     RFCC26XX_singleMode.obj (.text:RF_fsmSetupState$3)
                  000076ac    000001e0     ECCROMCC26XX.obj (.text:ECC_VerifyPublicKeyWeierstrass$2)
                  0000788c    000001c0     cc26xx_sm_pcxx.a : sm_intpairing.o (.text)
                  00007a4c    000001b0     drivers_cc26x0r2.aem3 : PINCC26XX.oem3 (.text:PIN_init)
                  00007bfc    000001a4     ECCROMCC26XX.obj (.text:ECCROMCC26XX_genDHKey)
                  00007da0    000001a4     cc2640_ctrlll_pcxx.a : ll.o (.text)
                  00007f44    000001a0                          : ll_isr.o (.text)
                  000080e4    00000190     drivers_cc26x0r2.aem3 : PowerCC26XX_calibrateRCOSC.oem3 (.text:PowerCC26XX_doCalibrate)
                  00008274    00000184     icall.obj (.text:icall_directAPI)
                  000083f8    00000174     cc26xx_gatt_pcxx.a : gatt_client.o (.text)
                  0000856c    0000015c     icall_hci_tl.obj (.text:HCI_TL_SendCommandPkt$10)
                  000086c8    0000015c     drivers_cc26x0r2.aem3 : UARTCC26XX.oem3 (.text:UARTCC26XX_open)
                  00008824    0000015c     cc26xx_gatt_pcxx.a : gatt_client.o (.text)
                  00008980    00000150     cc2640_ctrlll_pcxx.a : ll_common.o (.text)
                  00008ad0    00000150     cc26xx_sm_pcxx.a : sm_intpairing.o (.text)
                  00008c20    00000148     drivers_cc26x0r2.aem3 : UARTCC26XX.oem3 (.text:UARTCC26XX_hwiIntFxn)
                  00008d68    00000140     cc2640_ctrlll_pcxx.a : ll_master_end_causes.o (.text)
                  00008ea8    00000136     drivers_cc26x0r2.aem3 : UARTCC26XX.oem3 (.text:UARTCC26XX_read)
                  00008fde    00000002     icall.obj (.text:ICall_abort)
                  00008fe0    0000012c     drivers_cc26x0r2.aem3 : PowerCC26XX.oem3 (.text:Power_init)
                  0000910c    00000128     ECCROMCC26XX.obj (.text:ECCROMCC26XX_genKeys)
                  00009234    00000128     cc2640_ctrlll_pcxx.a : ll_scheduler.o (.text)
                  0000935c    00000118     host_test_cc2640r2lp_stack_library.lib : osal_snv_wrapper.obj (.text:osal_snv_write)
                  00009474    00000114     cc26xx_gap_pcxx.a : gap_linkmgr.o (.text)
                  00009588    00000110     cc26xx_gatt_pcxx.a : gatt_server.o (.text)
                  00009698    00000104     cc26xx_gap_pcxx.a : gap_centdevmgr.o (.text)
                  0000979c    00000100     cc2640_ctrlll_pcxx.a : ll_scan_end_causes.o (.text)
                  0000989c    000000fc     cc26xx_gap_pcxx.a : gap_centlinkmgr.o (.text)
                  00009998    000000f4     host_test_cc2640r2lp_stack_library.lib : osal_snv_wrapper.obj (.text:compactPage$38)
                  00009a8c    000000f0     drivers_cc26x0r2.aem3 : PINCC26XX.oem3 (.text:PINCC26XX_setIoCfg)
                  00009b7c    000000f0     RFCC26XX_singleMode.obj (.text:RF_radioOpDoneCb$3)
                  00009c6c    000000ec     cc26xx_profiles_pcxx.a : gattservapp.o (.text)
                  00009d58    000000e8     dpl_cc26x0r2.aem3 : PowerCC26XX_tirtos.oem3 (.text:PowerCC26XX_standbyPolicy)
                  00009e40    000000e8     host_test_cc2640r2lp_stack_library.lib : osal_timers.obj (.text:osalTimerUpdate)
                  00009f28    000000e4     cc26xx_gatt_pcxx.a : gatt_client.o (.text)
                  0000a00c    000000e4     cc26xx_sm_pcxx.a : sm_intpairing.o (.text)
                  0000a0f0    000000e4                      : sm_pairing.o (.text)
                  0000a1d4    000000e2     drivers_cc26x0r2.aem3 : UARTCC26XX.oem3 (.text:UARTCC26XX_write)
                  0000a2b6    00000002     host_test_cc2640r2lp_stack_library.lib : onboard.obj (.text:Onboard_soft_reset)
                  0000a2b8    000000dc     cc2640_ctrlll_pcxx.a : ll_isr.o (.text)
                  0000a394    000000d8     cc26xx_gap_pcxx.a : gap_centdevmgr.o (.text)
                  0000a46c    000000d8     main.obj (.text:main)
                  0000a544    000000d4     RFCC26XX_singleMode.obj (.text:RF_pendCmd)
                  0000a618    000000cc     RFCC26XX_singleMode.obj (.text:RF_postCmd)
                  0000a6e4    000000cc     RFCC26XX_singleMode.obj (.text:RF_swiHw$3)
                  0000a7b0    000000cc     cc2640_ctrlll_pcxx.a : ll_scan_end_causes.o (.text)
                  0000a87c    000000c4     RFCC26XX_singleMode.obj (.text:RF_control)
                  0000a940    000000c4     cc26xx_sm_pcxx.a : sm_pairing.o (.text)
                  0000aa04    000000c4                      : sm_pairing.o (.text)
                  0000aac8    000000c0     RFCC26XX_singleMode.obj (.text:RF_fsmPowerUpState$3)
                  0000ab88    000000c0     host_test_cc2640r2lp_stack_library.lib : osal.obj (.text:osal_set_event)
                  0000ac48    000000bc     drivers_cc26x0r2.aem3 : PowerCC26XX.oem3 (.text:Power_releaseDependency)
                  0000ad04    000000bc     cc2640_ctrlll_pcxx.a : ll_scheduler.o (.text)
                  0000adc0    000000b8     driverlib.lib : setup.obj (.text:NOROM_SetupTrimDevice)
                  0000ae78    000000b4     drivers_cc26x0r2.aem3 : PowerCC26XX.oem3 (.text:Power_setDependency)
                  0000af2c    000000b0     TRNGCC26XX.obj (.text:TRNGCC26XX_getNumber)
                  0000afdc    000000b0     cc26xx_gap_pcxx.a : gap_peridevmgr.o (.text)
                  0000b08c    000000ac     RFCC26XX_singleMode.obj (.text:RF_abortCmd$3)
                  0000b138    000000a6     host_test_app.obj (.text:sendCommandCompleteEvent$0)
                  0000b1de    00000002     RFCC26XX_singleMode.obj (.text:RF_defaultCallback$3)
                  0000b1e0    000000a4     RFCC26XX_singleMode.obj (.text:RF_ratRestartChannels$3)
                  0000b284    000000a4     cc2640_ctrlll_pcxx.a : ll_common.o (.text)
                  0000b328    000000a4     cc26xx_gatt_pcxx.a : gatt_client.o (.text)
                  0000b3cc    000000a4     cc26xx_sm_pcxx.a : sm_intpairing.o (.text)
                  0000b470    000000a4     host_test_cc2640r2lp_stack_library.lib : osal.obj (.text:osal_msg_enqueue_push$33)
                  0000b514    000000a4     drivers_cc26x0r2.aem3 : PowerCC26XX.oem3 (.text:switchXOSCHFclockFunc)
                  0000b5b8    000000a0                           : PINCC26XX.oem3 (.text:PIN_open)
                  0000b658    000000a0     auto_init.aem3 : auto_init.oem3 (.text)
                  0000b6f8    0000009c     npi_tl_uart.obj (.text:NPITLUART_initializeTransport)
                  0000b794    0000009c     RFCC26XX_singleMode.obj (.text:RF_calculateDispatchTime$3)
                  0000b830    0000009c     host_test_cc2640r2lp_stack_library.lib : osal_cbtimer.obj (.text:cbTimerSetup$35)
                  0000b8cc    0000009c     cc2640_ctrlll_pcxx.a : ll_scheduler.o (.text)
                  0000b968    0000009c     host_test_cc2640r2lp_stack_library.lib : osal_cbtimer.obj (.text:osal_CbTimerProcessEvent)
                  0000ba04    0000009c     rtsv7M3_T_le_eabi.lib : memcpy_t2.asm.obj (.text)
                  0000baa0    00000098     drivers_cc26x0r2.aem3 : UARTCC26XX.oem3 (.text:UARTCC26XX_initHw)
                  0000bb38    00000098                           : UARTCC26XX.oem3 (.text:UARTCC26XX_initIO)
                  0000bbd0    00000098     cc2640_ctrlhci_pcxx.a : hci_event.o (.text)
                  0000bc68    00000098     cc2640_ctrlll_pcxx.a : ll_common.o (.text)
                  0000bd00    00000098     rom_sysbios.aem3 : rom_sysbios.obj (.text:ti_sysbios_knl_Clock_workFuncDynamic__E)
                  0000bd98    00000096     rtsv7M3_T_le_eabi.lib : ull_div_t2.asm.obj (.text)
                  0000be2e    00000002                           : _lock.c.obj (.text:_nop)
                  0000be30    00000094     drivers_cc26x0r2.aem3 : CryptoCC26XX.oem3 (.text:CryptoCC26XX_allocateKey)
                  0000bec4    00000094     icall.obj (.text:ICall_setTimer)
                  0000bf58    00000094     driverlib.lib : crypto.obj (.text:NOROM_CRYPTOAesLoadKey)
                  0000bfec    00000094     cc26xx_gap_pcxx.a : gap_centdevmgr.o (.text)
                  0000c080    00000094     cc26xx_gatt_pcxx.a : gatt_client.o (.text)
                  0000c114    00000094     host_test_cc2640r2lp_stack_library.lib : osal_timers.obj (.text:osal_timer_refTimeUpdate)
                  0000c1a8    00000090     board.obj (.text:CC2640R2_LAUNCHXL_shutDownExtFlash)
                  0000c238    00000090     drivers_cc26x0r2.aem3 : CryptoCC26XX.oem3 (.text:CryptoCC26XX_open)
                  0000c2c8    00000090     npi_tl.obj (.text:NPITL_writeTL)
                  0000c358    00000090     driverlib.lib : setup.obj (.text:TrimAfterColdResetWakeupFromShutDown$26)
                  0000c3e8    00000090     cc2640_ctrlll_pcxx.a : ll_init_end_causes.o (.text)
                  0000c478    00000090                          : ll_scan_end_causes.o (.text)
                  0000c508    00000090     host_test_cc2640r2lp_stack_library.lib : osal.obj (.text:osal_msg_receive)
                  0000c598    00000090     rom_sysbios.aem3 : rom_sysbios.obj (.text:ti_sysbios_family_arm_cc26xx_Timer_start__E)
                  0000c628    0000008e     drivers_cc26x0r2.aem3 : UARTCC26XX.oem3 (.text:UARTCC26XX_writeCancel)
                  0000c6b6    00000002                           : PowerCC26XX.oem3 (.text:emptyClockFunc)
                  0000c6b8    0000008c     icall.obj (.text:ICall_heapMalloc)
                  0000c744    0000008c     cc2640_ctrlll_pcxx.a : ll_common.o (.text)
                  0000c7d0    0000008c                          : ll_enc.o (.text)
                  0000c85c    0000008c     cc26xx_gatt_pcxx.a : gatt_client.o (.text)
                  0000c8e8    0000008c                        : gatt_client.o (.text)
                  0000c974    0000008c     cc26xx_sm_pcxx.a : sm_intpairing.o (.text)
                  0000ca00    00000084     drivers_cc26x0r2.aem3 : UARTCC26XX.oem3 (.text:UARTCC26XX_close)
                  0000ca84    00000084     host_test_cc2640r2lp_stack_library.lib : ble_dispatch_lite.obj (.text:ble_dispatch_liteProcess)
                  0000cb08    00000084     cc26xx_profiles_pcxx.a : gapgattserver.o (.text)
                  0000cb8c    00000084     host_test_cc2640r2lp_stack_library.lib : osal_snv_wrapper.obj (.text:writeWord$38)
                  0000cc10    00000080     npi_tl_uart.obj (.text:NPITLUART_readCallBack$12)
                  0000cc90    00000080     RFCC26XX_singleMode.obj (.text:RF_dispatchNextCmd$3)
                  0000cd10    00000080     RFCC26XX_singleMode.obj (.text:RF_ratFreeChannel$3)
                  0000cd90    00000080     drivers_cc26x0r2.aem3 : UARTCC26XX.oem3 (.text:writeTxFifoFlush)
                  0000ce10    0000007c     RFCC26XX_singleMode.obj (.text:RF_hwiCpe0Active$3)
                  0000ce8c    0000007c     cc2640_ctrlhci_pcxx.a : hci_event.o (.text)
                  0000cf08    0000007c     cc2640_ctrlll_pcxx.a : ll_scheduler.o (.text)
                  0000cf84    0000007c     cc26xx_gap_pcxx.a : gap_centdevmgr.o (.text)
                  0000d000    0000007c                       : gap_linkmgr.o (.text)
                  0000d07c    0000007c     cc26xx_gatt_pcxx.a : gatt_client.o (.text)
                  0000d0f8    0000007c     host_test_cc2640r2lp_stack_library.lib : osal.obj (.text:osal_event_send$33)
                  0000d174    0000007c     icall_hci_tl.obj (.text:processExtMsgL2CAP$10)
                  0000d1f0    0000007a     rtsv7M3_T_le_eabi.lib : memset_t2.asm.obj (.text)
                  0000d26a    00000002     drivers_cc26x0r2.aem3 : CryptoResourceCC26XX.oem3 (.text:errorSpin)
                  0000d26c    00000078     npi_task.obj (.text:NPITask_transportRXCallBack$16)
                  0000d2e4    00000078     cc26xx_profiles_pcxx.a : gattservapp.o (.text)
                  0000d35c    00000076     cc26xx_gatt_pcxx.a : gatt_client.o (.text)
                  0000d3d2    00000076     icall_hci_tl.obj (.text:host_tl_connEvtCallbackProcess$10)
                  0000d448    00000074     cc26xx_sm_pcxx.a : sm_pairing.o (.text)
                  0000d4bc    00000072     cc2640_ctrlll_pcxx.a : ll_common.o (.text)
                  0000d52e    00000072     cc26xx_gatt_pcxx.a : gatt_client.o (.text)
                  0000d5a0    00000070     icall.obj (.text:ICall_heapGetStats)
                  0000d610    00000070     icall.obj (.text:ICall_heapInit)
                  0000d680    00000070     driverlib.lib : sys_ctrl.obj (.text:NOROM_SysCtrlAdjustRechargeAfterPowerDown)
                  0000d6f0    00000070     cc26xx_sm_pcxx.a : sm_intpairing.o (.text)
                  0000d760    00000070     drivers_cc26x0r2.aem3 : PowerCC26XX.oem3 (.text:lfClockReadyCallback)
                  0000d7d0    0000006e     cc2640_ctrlhci_pcxx.a : hci.o (.text)
                  0000d83e    00000002     host_test_cc2640r2lp_stack_library.lib : hal_assert.obj (.text:halAssertHandler)
                  0000d840    0000006c     icall.obj (.text:ICall_send)
                  0000d8ac    0000006c     icall.obj (.text:ICall_sendServiceComplete)
                  0000d918    0000006c     driverlib.lib : osc.obj (.text:NOROM_OSCHF_AttemptToSwitchToXosc)
                  0000d984    0000006c     drivers_cc26x0r2.aem3 : PowerCC26XX_calibrateRCOSC.oem3 (.text:PowerCC26XX_initiateCalibration)
                  0000d9f0    0000006c     cc2640_ctrlll_pcxx.a : ll.o (.text)
                  0000da5c    0000006c                          : ll_common.o (.text)
                  0000dac8    0000006c     cc26xx_gap_pcxx.a : gap_centdevmgr.o (.text)
                  0000db34    0000006c     cc26xx_gatt_pcxx.a : gatt_client.o (.text)
                  0000dba0    0000006c                        : gatt_client.o (.text)
                  0000dc0c    0000006c                        : gatt_client.o (.text)
                  0000dc78    0000006c     drivers_cc26x0r2.aem3 : PowerCC26XX.oem3 (.text:configureXOSCHF)
                  0000dce4    00000068                           : CryptoCC26XX.oem3 (.text:CryptoCC26XX_loadKey)
                  0000dd4c    00000068     icall.obj (.text:ICall_enrollService)
                  0000ddb4    00000068     driverlib.lib : sys_ctrl.obj (.text:NOROM_SysCtrl_DCDC_VoltageConditionalControl)
                  0000de1c    00000068     RFCC26XX_singleMode.obj (.text:RF_getCurrentTime)
                  0000de84    00000068     RFCC26XX_singleMode.obj (.text:RF_hwiHw$3)
                  0000deec    00000068     cc26xx_gatt_pcxx.a : gatt_client.o (.text)
                  0000df54    00000068     cc26xx_sm_pcxx.a : sm_intpairing.o (.text)
                  0000dfbc    00000068     rtsv7M3_T_le_eabi.lib : copy_decompress_lzss.c.obj (.text:decompress:lzss:__TI_decompress_lzss)
                  0000e024    00000068     host_test_cc2640r2lp_stack_library.lib : osal_cbtimer.obj (.text:osal_CbTimerUpdate)
                  0000e08c    00000064                                            : gap.obj (.text:GAP_DeviceInit)
                  0000e0f0    00000064     cc26xx_profiles_pcxx.a : gattservapp.o (.text)
                  0000e154    00000062     cc2640_ctrlll_pcxx.a : ll_common.o (.text)
                  0000e1b6    00000002     host_test_cc2640r2lp_stack_library.lib : hal_assert.obj (.text:halAssertSpinlock)
                  0000e1b8    00000060     icall.obj (.text:ICall_createRemoteTasksAtRuntime)
                  0000e218    00000060     drivers_cc26x0r2.aem3 : PowerCC26XX.oem3 (.text:PowerCC26XX_calibrate)
                  0000e278    00000060     RFCC26XX_singleMode.obj (.text:RF_dispatchNextEvent$3)
                  0000e2d8    0000005e     icall.obj (.text:ICall_fetchMsg)
                  0000e336    0000005e     drivers_cc26x0r2.aem3 : UARTCC26XX.oem3 (.text:UARTCC26XX_swiIntFxn)
                  0000e394    0000005e     cc2640_ctrlhci_pcxx.a : hci.o (.text)
                  0000e3f2    0000005e     cc26xx_gatt_pcxx.a : gatt_client.o (.text)
                  0000e450    0000005c     drivers_cc26x0r2.aem3 : CryptoResourceCC26XX.oem3 (.text:CryptoResourceCC26XX_constructRTOSObjects)
                  0000e4ac    0000005c     icall.obj (.text:ICall_pwrUpdActivityCounter)
                  0000e508    0000005c     drivers_cc26x0r2.aem3 : PowerCC26XX_calibrateRCOSC.oem3 (.text:PowerCC26XX_RCOSC_clockFunc)
                  0000e564    0000005c     RFCC26XX_singleMode.obj (.text:RF_cmdDispatchTime$3)
                  0000e5c0    0000005c     RFCC26XX_singleMode.obj (.text:RF_hwiCpe0PowerFsm$3)
                  0000e61c    0000005c     cc26xx_gap_pcxx.a : gap_centlinkmgr.o (.text)
                  0000e678    0000005c     cc26xx_gatt_pcxx.a : gatt_client.o (.text)
                  0000e6d4    0000005c     cc26xx_profiles_pcxx.a : gattservapp.o (.text)
                  0000e730    0000005c     cc26xx_sm_pcxx.a : sm_intpairing.o (.text)
                  0000e78c    0000005c     app_ble_pem3.oem3 (.text:xdc_runtime_Startup_getState__I)
                  0000e7e8    0000005a     RFCC26XX_singleMode.obj (.text:RF_syncCb$3)
                  0000e842    0000005a     cc2640_ctrlhci_pcxx.a : hci.o (.text)
                  0000e89c    00000058     icall_hci_tl.obj (.text:HCI_TL_SendVSEvent$10)
                  0000e8f4    00000058     icall.obj (.text:ICall_wait)
                  0000e94c    00000058     npi_task.obj (.text:NPITask_incomingFrameCB$16)
                  0000e9a4    00000058     npi_task.obj (.text:NPITask_sendToHost)
                  0000e9fc    00000058     drivers_cc26x0r2.aem3 : PINCC26XX.oem3 (.text:PIN_remove)
                  0000ea54    00000058     RFCC26XX_singleMode.obj (.text:RF_fsmXOSCState$3)
                  0000eaac    00000058     RFCC26XX_singleMode.obj (.text:RF_getInfo)
                  0000eb04    00000058     drivers_cc26x0r2.aem3 : UARTCC26XX.oem3 (.text:UARTCC26XX_control)
                  0000eb5c    00000058     cc26xx_gap_pcxx.a : gap_centdevmgr.o (.text)
                  0000ebb4    00000058                       : gap_centlinkmgr.o (.text)
                  0000ec0c    00000058                       : gap_linkmgr.o (.text)
                  0000ec64    00000058     cc26xx_sm_pcxx.a : sm_intpairing.o (.text)
                  0000ecbc    00000058                      : sm_intpairing.o (.text)
                  0000ed14    00000058     host_test_cc2640r2lp_stack_library.lib : osal_cbtimer.obj (.text:osal_CbTimerStop)
                  0000ed6c    00000054     RFCC26XX_singleMode.obj (.text:RF_discardPendCmd$3)
                  0000edc0    00000054     host_test_cc2640r2lp_stack_library.lib : sm_ecc.obj (.text:SM_p256KeyCB)
                  0000ee14    00000054     cc26xx_gap_pcxx.a : linkdb.o (.text)
                  0000ee68    00000054     cc26xx_gatt_pcxx.a : gatt_client.o (.text)
                  0000eebc    00000054     cc26xx_profiles_pcxx.a : gattservapp.o (.text)
                  0000ef10    00000054     cc26xx_sm_pcxx.a : sm_intpairing.o (.text)
                  0000ef64    00000052     host_test_cc2640r2lp_stack_library.lib : osal_snv_wrapper.obj (.text:findItem$38)
                  0000efb6    00000002     icall_api_lite.obj (.text:rfErrCb)
                  0000efb8    00000050     dpl_cc26x0r2.aem3 : ClockP_tirtos.oem3 (.text:ClockP_construct)
                  0000f008    00000050     ECCROMCC26XX.obj (.text:ECCROMCC26XX_Params_init)
                  0000f058    00000050     icall.obj (.text:ICall_registerApp)
                  0000f0a8    00000050     npi_task.obj (.text:NPITask_createTask)
                  0000f0f8    00000050     cc2640_ctrlll_pcxx.a : ll.o (.text)
                  0000f148    00000050     cc26xx_gap_pcxx.a : gap_centdevmgr.o (.text)
                  0000f198    00000050     drivers_cc26x0r2.aem3 : UARTCC26XX.oem3 (.text:startTxFifoEmptyClk)
                  0000f1e8    0000004c     icall.obj (.text:ICall_newTask$5)
                  0000f234    0000004c     RFCC26XX_singleMode.obj (.text:RF_wakeupNotification$3)
                  0000f280    0000004c     cc2640_ctrlhci_pcxx.a : hci.o (.text)
                  0000f2cc    0000004c     cc26xx_att_pcxx.a : att_client.o (.text)
                  0000f318    0000004c     cc26xx_gap_pcxx.a : gap_centdevmgr.o (.text)
                  0000f364    0000004c     rtsv7M3_T_le_eabi.lib : cpy_tbl.c.obj (.text:copy_in)
                  0000f3b0    0000004c     icall_hci_tl.obj (.text:createPayload$10)
                  0000f3fc    0000004c     host_test_cc2640r2lp_stack_library.lib : osal_bufmgr.obj (.text:osal_bm_free)
                  0000f448    0000004a     drivers_cc26x0r2.aem3 : UARTCC26XX.oem3 (.text:UARTCC26XX_readCancel)
                  0000f492    00000002     rtsv7M3_T_le_eabi.lib : div0.asm.obj (.text)
                  0000f494    00000048     board.obj (.text:CC2640R2_LAUNCHXL_wakeUpExtFlash)
                  0000f4dc    00000048     ECCROMCC26XX.obj (.text:ECC_initGlobals$2)
                  0000f524    00000048     drivers_cc26x0r2.aem3 : PINCC26XX.oem3 (.text:PIN_setOutputEnable)
                  0000f56c    00000048     cc26xx_gatt_pcxx.a : gatt_client.o (.text)
                  0000f5b4    00000048     cc26xx_sm_pcxx.a : sm_intpairing.o (.text)
                  0000f5fc    00000048                      : sm_intpairing.o (.text)
                  0000f644    00000048     host_test_cc2640r2lp_stack_library.lib : osal_snv_wrapper.obj (.text:erasePage$38)
                  0000f68c    00000048                                            : osal_timers.obj (.text:osalAddTimer)
                  0000f6d4    00000048     rom_sysbios.aem3 : rom_sysbios.obj (.text:ti_sysbios_family_arm_cc26xx_Timer_setThreshold__I)
                  0000f71c    00000048     drivers_cc26x0r2.aem3 : UARTCC26XX.oem3 (.text:writeFinishedDoCallback)
                  0000f764    00000046     cc26xx_gatt_pcxx.a : gatt_client.o (.text)
                  0000f7aa    00000002     app_ble_pem3.oem3 (.text:ti_sysbios_BIOS_nullFunc__I)
                  0000f7ac    00000044     icall_hci_tl.obj (.text:HCI_TL_compareAppLastOpcodeSent)
                  0000f7f0    00000044     driverlib.lib : osc.obj (.text:NOROM_OSCHF_SwitchToRcOscTurnOffXosc)
                  0000f834    00000044     drivers_cc26x0r2.aem3 : RingBuf.oem3 (.text:RingBuf_put)
                  0000f878    00000044     boot.aem3 : boot.oem3 (.text)
                  0000f8bc    00000044     cc2640_ctrlll_pcxx.a : ll_scheduler.o (.text)
                  0000f900    00000044     cc26xx_gap_pcxx.a : gap_centdevmgr.o (.text)
                  0000f944    00000044     cc26xx_profiles_pcxx.a : gattservapp.o (.text)
                  0000f988    00000044     host_test_cc2640r2lp_stack_library.lib : osal_timers.obj (.text:osal_start_timerEx)
                  0000f9cc    00000042     cc2640_ctrlll_pcxx.a : ll_access_address.o (.text)
                  0000fa0e    00000002     rom_sysbios.aem3 : rom_sysbios.obj (.text:xdc_runtime_SysCallback_defaultAbort)
                  0000fa10    00000040     ECCROMCC26XX.obj (.text:ECCROMCC26XX_init)
                  0000fa50    00000040     drivers_cc26x0r2.aem3 : PINCC26XX.oem3 (.text:PIN_swi)
                  0000fa90    00000040                           : PowerCC26XX.oem3 (.text:PowerCC26XX_isStableXOSC_HF)
                  0000fad0    00000040                           : UART.oem3 (.text:UART_init)
                  0000fb10    00000040                           : UART.oem3 (.text:UART_open)
                  0000fb50    00000040     cc26xx_gap_pcxx.a : gap_centdevmgr.o (.text)
                  0000fb90    00000040     cc26xx_profiles_pcxx.a : gattservapp.o (.text)
                  0000fbd0    00000040                            : gattservapp.o (.text)
                  0000fc10    00000040     rom_sysbios.aem3 : rom_sysbios.obj (.text:ti_sysbios_heaps_HeapCallback_Module_startup__E)
[...]
20001dc4  PowerCC26XX_taskKey                                                       
20001dc8  PowerCC26XX_swiKey                                                        
20001dd4  featureSetMask                                                            
20001ddc  llConnEvtNotice                                                           
20001dec  LSTORecoveryArr                                                           
20001df0  llCombineState                                                            
20001df8  connEvtCB                                                                 
20001dfc  clientInfoTbl                                                             
20001e04  ClockP_tickPeriod                                                         
20001e08  tasksEvents                                                               
20001e0c  trngCC26XXObjects                                                         
20001e13  hciTaskID                                                                 
20001e14  hciTestTaskID                                                             
20001e15  hciGapTaskID                                                              
20001e16  hciL2capTaskID                                                            
20001e17  hciSmpTaskID                                                              
20001e19  driverlib_release_0_56023                                                 
20001e1a  icall_liteTaskId                                                          
20001e1b  heapStart                                                                 
20004000  __stack                                                                   
20004000  heapEnd                                                                   
20004400  __STACK_END                                                               
20004400  __STACK_TOP                                                               
200044f8  RAM_BASE_ADDR                                                             
20004504  ROM_FlashJT                                                               
20004558  gapPeripheralCBs                                                          
20004564  gapPeripheralConnCBs                                                      
20004568  rfMode                                                                    
20004584  smResponderCBs                                                            
2000459c  slaveConnHandle                                                           
2000459e  nextHandle                                                                
200045a0  l2capMtuSize                                                              
200045a2  gapAppTaskID                                                              
200045a3  gapAdvAppTaskID                                                           
200045a4  gapUnwantedTaskID                                                         
200045a5  reqTaskId                                                                 
200045a6  gattAppTaskID                                                             
200045a7  appTaskID                                                                 
200045a8  flowCtrlTaskId                                                            
200045a9  SM_appTaskID                                                              
200045ac  resolvingList                                                             
200046ec  scanDataEntry                                                             
200047cc  wlTable                                                                   
200048a8  wlTableScan                                                               
20004a20  advCmd                                                                    
20004a68  localEccKeys                                                              
20004aac  initDataEntry                                                             
20004ae4  advDataEntry                                                              
20004b1c  l2capFixedChannels                                                        
20004b4c  linkCBs                                                                   
20004b7c  eccParams                                                                 
20004bac  initParam                                                                 
20004bd0  scanParam                                                                 
20004bf4  advParam                                                                  
20004c14  cryptoPRAND                                                               
20004c34  txModemTestCmd                                                            
20004c50  gapParams                                                                 
20004c6c  initCmd                                                                   
20004c84  connReqData                                                               
20004c9c  scanCmd                                                                   
20004cb4  scanOutput                                                                
20004ccc  trxTestCmd                                                                
20004ce4  rxModemTestCmd                                                            
20004cfc  rsp                                                                       
20004d14  fwParDtmCmd                                                               
20004d2c  rfSetup                                                                   
20004d44  fwParRfCmd                                                                
20004d5c  connOutput                                                                
20004d70  rxTestParam                                                               
20004d84  initDataQueue                                                             
20004d94  scanDataQueue                                                             
20004da4  advDataQueue                                                              
20004db4  advOutput                                                                 
20004dc4  txTestParam                                                               
20004dd4  initOutput                                                                
20004de0  rxTestOut                                                                 
20004dec  deviceFeatureSet                                                          
20004df8  cachedTRNGdata                                                            
20004e04  gapCurrentRandomAddr                                                      
20004e0c  slaveUpdateReq                                                            
20004e14  pBleEvtMask                                                               
20004e1c  pHciEvtMask                                                               
20004e24  pHciEvtMask2                                                              
20004e2c  ownPublicAddr                                                             
20004e34  ownRandomAddr                                                             
20004e3c  ownSavedPublicAddr                                                        
20004e44  fwImmedCmd                                                                
20004e4c  attServerNotifyTxCB                                                       
20004e50  rfEvent                                                                   
20004e58  fwParCmd                                                                  
20004e60  verInfo                                                                   
20004e68  llConns                                                                   
20004e70  fwParamImmedCmd                                                           
20004e78  privInfo                                                                  
20004e80  linkCmd                                                                   
20004e84  linkParam                                                                 
20004e88  rxDataQ                                                                   
20004e8c  txDataQ                                                                   
20004e90  rxRingBuf                                                                 
20004e94  txTestOut                                                                 
20004e98  pGapDiscReq                                                               
20004e9c  pGapAdvertState                                                           
20004ea0  pEstLink                                                                  
20004ea4  pAuthLink                                                                 
20004ea8  pfnCentralConnCBs                                                         
20004eac  pfnPeripheralConnCBs                                                      
20004eb0  pGapAdvTokens                                                             
20004eb4  pGapAdData                                                                
20004eb8  pGapScanRspData                                                           
20004ebc  pfnPeripheralCBs                                                          
20004ec0  pfnCentralCBs                                                             
20004ec4  pfnBondMgrCBs                                                             
20004ec8  serverInfoTbl                                                             
20004ecc  pServiceList                                                              
20004ed0  pfnServerProcessMsgCB                                                     
20004ed4  pfnClientProcessMsgCB                                                     
20004ed8  prepareWritesTbl                                                          
20004edc  serviceCBsList                                                            
20004ee0  pAttrValue                                                                
20004ee4  l2capChannels                                                             
20004ee8  linkDB                                                                    
20004eec  rfHandle                                                                  
20004ef0  rfDrvTblPtr                                                               
20004ef4  eccDrvTblPtr                                                              
20004ef8  cryptoDrvTblPtr                                                           
20004efc  trngDrvTblPtr                                                             
20004f00  activeConns                                                               
20004f04  SysBootMsg                                                                
20004f08  sclkSrc                                                                   
20004f0c  buildInfo                                                                 
20004f10  advInfo                                                                   
20004f14  scanInfo                                                                  
20004f18  initInfo                                                                  
20004f1c  dtmInfo                                                                   
20004f20  taskEndAction                                                             
20004f24  encParams                                                                 
20004f28  encHandle                                                                 
20004f2c  encKey                                                                    
20004f30  pPairingParams                                                            
20004f34  pfnResponderCBs                                                           
20004f38  pfnInitiatorCBs                                                           
20004f3c  gapLimitedAdvertisingTimeout                                              
20004f3e  attrLen                                                                   
20004f40  numHostBufs                                                               
20004f42  rfCmdHandle                                                               
20004f44  connInitialMaxTxOctets                                                    
20004f46  connInitialMaxTxTime                                                      
20004f48  supportedMaxTxOctets                                                      
20004f4a  supportedMaxTxTime                                                        
20004f4c  supportedMaxRxOctets                                                      
20004f4e  supportedMaxRxTime                                                        
20004f50  taskEndStatus                                                             
20004f52  postRfOperations                                                          
20004f54  rfCfgAdiVal                                                               
20004f58  gapProfileRole                                                            
20004f59  gapDeviceAddrMode                                                         
20004f5a  gapState                                                                  
20004f5b  terminateAllTaskID                                                        
20004f5c  terminateReason                                                           
20004f5d  gapTaskID                                                                 
20004f5e  gattNumConns                                                              
20004f5f  gattTaskID                                                                
20004f60  GATTServApp_TaskID                                                        
20004f61  maxNumPrepareWrites                                                       
20004f62  hciPTMenabled                                                             
20004f63  ctrlToHostEnable                                                          
20004f64  l2capFlowCtrlMode                                                         
20004f65  l2capTaskID                                                               
20004f66  l2capNumChannels                                                          
20004f67  l2capNumDataPkts                                                          
20004f68  l2capId                                                                   
20004f69  linkDBNumConns                                                            
20004f6a  linkDB_secureConnectionOnlyMode                                           
20004f6b  maxPduSize                                                                
20004f6c  rfFeModeBias                                                              
20004f6d  maxNumTxDataBufs                                                          
20004f6e  LL_TaskID                                                                 
20004f6f  llState                                                                   
20004f70  rssiCorrection                                                            
20004f71  curTxPowerVal                                                             
20004f72  maxTxPwrForDTM                                                            
20004f73  onePktPerEvt                                                              
20004f74  numComplPkts                                                              
20004f75  numComplPktsLimit                                                         
20004f76  numComplPktsFlush                                                         
20004f77  fastTxRespTime                                                            
20004f78  slOverride                                                                
20004f79  rxFifoFlowCtrl                                                            
20004f7a  numTxDataBufs                                                             
20004f7b  maxNumConns                                                               
20004f7c  smTaskID                                                                  
20004f7d  SM_appExpectingKey                                                        
20004f80  ECC_DATA$$Base                                                            
20004f80  eccRom_param_Gx                                                           
20004f84  eccRom_param_Gy                                                           
20004f88  eccRom_workzone                                                           
20004f8c  eccRom_param_p                                                            
20004f90  eccRom_param_r                                                            
20004f94  eccRom_param_a                                                            
20004f98  eccRom_param_b                                                            
20004f9c  eccRom_windowSize                                                         
20004fa0  aux64                                                                     
20004fa8  MOD                                                                       
20004fac  LEN                                                                       
20004fb0  inScalar                                                                  
20004fb4  inPointX                                                                  
20004fb8  inPointY                                                                  
20004fbc  outPointX                                                                 
20004fc0  outPointY                                                                 
20004fc4  SCAL                                                                      
20004fc8  EXPX                                                                      
20004fcc  EXPY                                                                      
20004fd0  EXPZ                                                                      
20004fd4  EXPW                                                                      
20004fd8  ACCX                                                                      
20004fdc  ACCY                                                                      
20004fe0  ACCZ                                                                      
20004fe4  TMP1                                                                      
20004fe8  TMP2                                                                      
20004fec  TMP3                                                                      
20004ff0  TMP4                                                                      
20004ff4  TMP5                                                                      
20004ff8  TMP6                                                                      
20004ffc  MSBMOD                                                                    
20005000  ECC_DATA$$Limit                                                           
20005000  __UNUSED_SRAM_end__                                                       
e000e000  ti_sysbios_family_arm_m3_Hwi_nvic                                         
ffffffff  __TI_pprof_out_hndl                                                       
ffffffff  __TI_prof_data_size                                                       
ffffffff  __TI_prof_data_start                                                      
ffffffff  __binit__                                                                 
ffffffff  __c_args__                                                                
ffffffff  binit                                                                     
UNDEFED   SHT$$INIT_ARRAY$$Base                                                     
UNDEFED   SHT$$INIT_ARRAY$$Limit                                                    

[2355 symbols]
